12:28:25 **** Incremental Build of configuration Debug for project 04_PWD_Timers ****
make -j8 all 
arm-none-eabi-gcc "../Core/Src/main.c" -mcpu=cortex-m4 -std=gnu11 -g3 -DDEBUG -DUSE_HAL_DRIVER -DSTM32F334x8 -c -I../Core/Inc -I../Drivers/STM32F3xx_HAL_Driver/Inc -I../Drivers/STM32F3xx_HAL_Driver/Inc/Legacy -I../Drivers/CMSIS/Device/ST/STM32F3xx/Include -I../Drivers/CMSIS/Include -O0 -ffunction-sections -fdata-sections -Wall -fstack-usage -fcyclomatic-complexity -MMD -MP -MF"Core/Src/main.d" -MT"Core/Src/main.o" --specs=nano.specs -mfpu=fpv4-sp-d16 -mfloat-abi=hard -mthumb -o "Core/Src/main.o"
arm-none-eabi-gcc -o "04_PWD_Timers.elf" @"objects.list"   -mcpu=cortex-m4 -T"/home/sumit/Desktop/GitHub/STM32/workspace/04_PWD_Timers/STM32F334C8TX_FLASH.ld" --specs=nosys.specs -Wl,-Map="04_PWD_Timers.map" -Wl,--gc-sections -static --specs=nano.specs -mfpu=fpv4-sp-d16 -mfloat-abi=hard -mthumb -Wl,--start-group -lc -lm -Wl,--end-group
Finished building target: 04_PWD_Timers.elf
 
arm-none-eabi-size   04_PWD_Timers.elf 
arm-none-eabi-objdump -h -S  04_PWD_Timers.elf  > "04_PWD_Timers.list"
   text	   data	    bss	    dec	    hex	filename
  11576	     20	   1644	  13240	   33b8	04_PWD_Timers.elf
Finished building: default.size.stdout
 
Finished building: 04_PWD_Timers.list
 

12:28:25 Build Finished. 0 errors, 0 warnings. (took 690ms)

