17:11:01 **** Incremental Build of configuration Debug for project 05_UART_Key_Board_Echo ****
make -j8 all 
arm-none-eabi-gcc "../Core/Src/main.c" -mcpu=cortex-m4 -std=gnu11 -g3 -DDEBUG -DUSE_HAL_DRIVER -DSTM32F334x8 -c -I../Core/Inc -I../Drivers/STM32F3xx_HAL_Driver/Inc -I../Drivers/STM32F3xx_HAL_Driver/Inc/Legacy -I../Drivers/CMSIS/Device/ST/STM32F3xx/Include -I../Drivers/CMSIS/Include -O0 -ffunction-sections -fdata-sections -Wall -fstack-usage -fcyclomatic-complexity -MMD -MP -MF"Core/Src/main.d" -MT"Core/Src/main.o" --specs=nano.specs -mfpu=fpv4-sp-d16 -mfloat-abi=hard -mthumb -o "Core/Src/main.o"
arm-none-eabi-gcc -o "05_UART_Key_Board_Echo.elf" @"objects.list"   -mcpu=cortex-m4 -T"/home/sumit/Desktop/GitHub/STM32/workspace/05_UART_Key_Board_Echo/STM32F334C8TX_FLASH.ld" --specs=nosys.specs -Wl,-Map="05_UART_Key_Board_Echo.map" -Wl,--gc-sections -static --specs=nano.specs -mfpu=fpv4-sp-d16 -mfloat-abi=hard -mthumb -Wl,--start-group -lc -lm -Wl,--end-group
Finished building target: 05_UART_Key_Board_Echo.elf
 
arm-none-eabi-size   05_UART_Key_Board_Echo.elf 
arm-none-eabi-objdump -h -S  05_UART_Key_Board_Echo.elf  > "05_UART_Key_Board_Echo.list"
   text	   data	    bss	    dec	    hex	filename
  14744	     24	   1808	  16576	   40c0	05_UART_Key_Board_Echo.elf
Finished building: default.size.stdout
 
Finished building: 05_UART_Key_Board_Echo.list
 

17:11:02 Build Finished. 0 errors, 0 warnings. (took 671ms)

