12:21:13 **** Incremental Build of configuration Debug for project 07_DAC ****
make -j8 all 
arm-none-eabi-gcc "../Core/Src/main.c" -mcpu=cortex-m4 -std=gnu11 -g3 -DDEBUG -DUSE_HAL_DRIVER -DSTM32F334x8 -c -I../Core/Inc -I../Drivers/STM32F3xx_HAL_Driver/Inc -I../Drivers/STM32F3xx_HAL_Driver/Inc/Legacy -I../Drivers/CMSIS/Device/ST/STM32F3xx/Include -I../Drivers/CMSIS/Include -O0 -ffunction-sections -fdata-sections -Wall -fstack-usage -fcyclomatic-complexity -MMD -MP -MF"Core/Src/main.d" -MT"Core/Src/main.o" --specs=nano.specs -mfpu=fpv4-sp-d16 -mfloat-abi=hard -mthumb -o "Core/Src/main.o"
arm-none-eabi-gcc -o "07_DAC.elf" @"objects.list"   -mcpu=cortex-m4 -T"/home/sumit/Desktop/GitHub/STM32/workspace/07_DAC/STM32F334C8TX_FLASH.ld" --specs=nosys.specs -Wl,-Map="07_DAC.map" -Wl,--gc-sections -static --specs=nano.specs -mfpu=fpv4-sp-d16 -mfloat-abi=hard -mthumb -Wl,--start-group -lc -lm -Wl,--end-group
Finished building target: 07_DAC.elf
 
arm-none-eabi-size   07_DAC.elf 
arm-none-eabi-objdump -h -S  07_DAC.elf  > "07_DAC.list"
   text	   data	    bss	    dec	    hex	filename
   8600	     20	   1596	  10216	   27e8	07_DAC.elf
Finished building: default.size.stdout
 
Finished building: 07_DAC.list
 

12:21:14 Build Finished. 0 errors, 0 warnings. (took 597ms)

