12:29:26 **** Incremental Build of configuration Debug for project 09_RTC_Date_Time ****
make -j8 all 
arm-none-eabi-gcc "../Core/Src/main.c" -mcpu=cortex-m4 -std=gnu11 -g3 -DDEBUG -DUSE_HAL_DRIVER -DSTM32F334x8 -c -I../Core/Inc -I../Drivers/STM32F3xx_HAL_Driver/Inc -I../Drivers/STM32F3xx_HAL_Driver/Inc/Legacy -I../Drivers/CMSIS/Device/ST/STM32F3xx/Include -I../Drivers/CMSIS/Include -O0 -ffunction-sections -fdata-sections -Wall -fstack-usage -fcyclomatic-complexity -MMD -MP -MF"Core/Src/main.d" -MT"Core/Src/main.o" --specs=nano.specs -mfpu=fpv4-sp-d16 -mfloat-abi=hard -mthumb -o "Core/Src/main.o"
arm-none-eabi-gcc -o "09_RTC_Date_Time.elf" @"objects.list"   -mcpu=cortex-m4 -T"/home/sumit/Desktop/GitHub/STM32/workspace/09_RTC_Date_Time/STM32F334C8TX_FLASH.ld" --specs=nosys.specs -Wl,-Map="09_RTC_Date_Time.map" -Wl,--gc-sections -static --specs=nano.specs -mfpu=fpv4-sp-d16 -mfloat-abi=hard -mthumb -Wl,--start-group -lc -lm -Wl,--end-group
Finished building target: 09_RTC_Date_Time.elf
 
arm-none-eabi-size   09_RTC_Date_Time.elf 
arm-none-eabi-objdump -h -S  09_RTC_Date_Time.elf  > "09_RTC_Date_Time.list"
   text	   data	    bss	    dec	    hex	filename
  15588	    100	   2156	  17844	   45b4	09_RTC_Date_Time.elf
Finished building: default.size.stdout
 
Finished building: 09_RTC_Date_Time.list
 

12:29:27 Build Finished. 0 errors, 0 warnings. (took 881ms)

